
Running 1 test using 1 worker

[1A[2K[1/1] [chromium] ΓÇ║ e2e-tests\i18n.spec.ts:9:3 ΓÇ║ Internationalization (i18n) Tests ΓÇ║ should display the language selector
[1A[2K  1) [chromium] ΓÇ║ e2e-tests\i18n.spec.ts:9:3 ΓÇ║ Internationalization (i18n) Tests ΓÇ║ should display the language selector 

    Error: [31mTimed out 5000ms waiting for [39m[2mexpect([22m[31mlocator[39m[2m).[22mtoBeVisible[2m()[22m

    Locator: getByRole('button', { name: 'English' })
    Expected: visible
    Received: <element(s) not found>
    Call log:
    [2m  - expect.toBeVisible with timeout 5000ms[22m
    [2m  - waiting for getByRole('button', { name: 'English' })[22m


      13 |     const esButton = page.getByRole('button', { name: 'Espa├▒ol' });
      14 |
    > 15 |     await expect(enButton).toBeVisible();
         |                            ^
      16 |     await expect(ptButton).toBeVisible();
      17 |     await expect(esButton).toBeVisible();
      18 |   });
        at C:\dev\nexus-quantitative.github.io\e2e-tests\i18n.spec.ts:15:28

    Error Context: test-results\i18n-Internationalization--e230b-splay-the-language-selector-chromium\error-context.md


[1A[2K  1 failed
    [chromium] ΓÇ║ e2e-tests\i18n.spec.ts:9:3 ΓÇ║ Internationalization (i18n) Tests ΓÇ║ should display the language selector 

[36m  Serving HTML report at http://localhost:50272. Press Ctrl+C to quit.[39m
